V3 5
EN work/lab11_lab11_sch_tb 0 \
      FL C:/Users/User_Account/Desktop/test/lab11/lab11tb.vhd \
      PB ieee/std_logic_1164 1270894585 PB ieee/NUMERIC_STD 1270894586 LB UNISIM \
      PH unisim/VCOMPONENTS 1270894587
AR work/lab11_lab11_sch_tb/behavioral 0 \
      FL C:/Users/User_Account/Desktop/test/lab11/lab11tb.vhd \
      EN work/lab11_lab11_sch_tb 0 CP lab11
